\BOOKMARK [0][-]{chapter.1}{\376\377\000I\000n\000t\000r\000o\000d\000u\000c\000c\000i\000\363\000n}{}% 1
\BOOKMARK [1][-]{section.1.1}{\376\377\000C\000o\000n\000t\000e\000x\000t\000u\000a\000l\000i\000z\000a\000c\000i\000\363\000n}{chapter.1}% 2
\BOOKMARK [1][-]{section.1.2}{\376\377\000E\000s\000t\000a\000d\000o\000\040\000d\000e\000l\000\040\000A\000r\000t\000e}{chapter.1}% 3
\BOOKMARK [2][-]{subsection.1.2.1}{\376\377\000B\000r\000e\000c\000h\000a\000\040\000d\000e\000\040\000I\000n\000v\000e\000s\000t\000i\000g\000a\000c\000i\000\363\000n}{section.1.2}% 4
\BOOKMARK [1][-]{section.1.3}{\376\377\000P\000l\000a\000n\000t\000e\000a\000m\000i\000e\000n\000t\000o\000\040\000d\000e\000l\000\040\000P\000r\000o\000b\000l\000e\000m\000a}{chapter.1}% 5
\BOOKMARK [1][-]{section.1.4}{\376\377\000J\000u\000s\000t\000i\000f\000i\000c\000a\000c\000i\000\363\000n}{chapter.1}% 6
\BOOKMARK [1][-]{section.1.5}{\376\377\000O\000b\000j\000e\000t\000i\000v\000o\000s}{chapter.1}% 7
\BOOKMARK [2][-]{subsection.1.5.1}{\376\377\000O\000b\000j\000e\000t\000i\000v\000o\000\040\000G\000e\000n\000e\000r\000a\000l}{section.1.5}% 8
\BOOKMARK [2][-]{subsection.1.5.2}{\376\377\000O\000b\000j\000e\000t\000i\000v\000o\000s\000\040\000E\000s\000p\000e\000c\000\355\000f\000i\000c\000o\000s}{section.1.5}% 9
\BOOKMARK [1][-]{section.1.6}{\376\377\000A\000l\000c\000a\000n\000c\000e\000\040\000d\000e\000l\000\040\000P\000r\000o\000y\000e\000c\000t\000o}{chapter.1}% 10
\BOOKMARK [1][-]{section.1.7}{\376\377\000F\000u\000n\000d\000a\000m\000e\000n\000t\000a\000c\000i\000\363\000n\000\040\000T\000e\000\363\000r\000i\000c\000a}{chapter.1}% 11
\BOOKMARK [0][-]{chapter.2}{\376\377\000M\000e\000t\000o\000d\000o\000l\000o\000g\000\355\000a}{}% 12
\BOOKMARK [1][-]{section.2.1}{\376\377\000D\000i\000a\000g\000n\000\363\000s\000t\000i\000c\000o\000\040\000d\000e\000\040\000l\000a\000\040\000S\000i\000t\000u\000a\000c\000i\000\363\000n\000\040\000A\000c\000t\000u\000a\000l}{chapter.2}% 13
\BOOKMARK [1][-]{section.2.2}{\376\377\000M\000e\000t\000o\000d\000o\000l\000o\000g\000\355\000a\000\040\000d\000e\000\040\000D\000e\000s\000a\000r\000r\000o\000l\000l\000o\000\040\000e\000\040\000I\000m\000p\000l\000e\000m\000e\000n\000t\000a\000c\000i\000\363\000n}{chapter.2}% 14
\BOOKMARK [1][-]{section.2.3}{\376\377\000T\000\351\000c\000n\000i\000c\000a\000s\000\040\000e\000\040\000I\000n\000s\000t\000r\000u\000m\000e\000n\000t\000o\000s\000\040\000d\000e\000\040\000R\000e\000c\000o\000l\000e\000c\000c\000i\000\363\000n\000\040\000d\000e\000\040\000I\000n\000f\000o\000r\000m\000a\000c\000i\000\363\000n}{chapter.2}% 15
\BOOKMARK [2][-]{subsection.2.3.1}{\376\377\000T\000\351\000c\000n\000i\000c\000a\000s\000\040\000d\000e\000\040\000D\000i\000a\000g\000n\000\363\000s\000t\000i\000c\000o\000\040\000F\000\355\000s\000i\000c\000o}{section.2.3}% 16
\BOOKMARK [2][-]{subsection.2.3.2}{\376\377\000I\000n\000s\000t\000r\000u\000m\000e\000n\000t\000o\000s\000\040\000d\000e\000\040\000V\000a\000l\000i\000d\000a\000c\000i\000\363\000n\000\040\000d\000e\000l\000\040\000G\000e\000m\000e\000l\000o\000\040\000D\000i\000g\000i\000t\000a\000l}{section.2.3}% 17
\BOOKMARK [2][-]{subsection.2.3.3}{\376\377\000R\000e\000c\000o\000l\000e\000c\000c\000i\000\363\000n\000\040\000d\000e\000\040\000T\000e\000l\000e\000m\000e\000t\000r\000\355\000a\000\040\000M\000Q\000T\000T}{section.2.3}% 18
\BOOKMARK [1][-]{section.2.4}{\376\377\000C\000o\000n\000f\000i\000g\000u\000r\000a\000c\000i\000\363\000n\000\040\000e\000\040\000I\000m\000p\000l\000e\000m\000e\000n\000t\000a\000c\000i\000\363\000n\000\040\000d\000e\000\040\000E\000q\000u\000i\000p\000o\000s}{chapter.2}% 19
\BOOKMARK [2][-]{subsection.2.4.1}{\376\377\000C\000o\000n\000f\000i\000g\000u\000r\000a\000c\000i\000\363\000n\000\040\000d\000e\000l\000\040\000E\000S\000P\0003\0002\000\040\000c\000o\000m\000o\000\040\000N\000o\000d\000o\000\040\000d\000e\000\040\000B\000o\000r\000d\000e}{section.2.4}% 20
\BOOKMARK [2][-]{subsection.2.4.2}{\376\377\000C\000o\000n\000f\000i\000g\000u\000r\000a\000c\000i\000\363\000n\000\040\000d\000e\000l\000\040\000B\000r\000o\000k\000e\000r\000\040\000M\000o\000s\000q\000u\000i\000t\000t\000o}{section.2.4}% 21
\BOOKMARK [2][-]{subsection.2.4.3}{\376\377\000C\000o\000n\000f\000i\000g\000u\000r\000a\000c\000i\000\363\000n\000\040\000d\000e\000\040\000N\000o\000d\000e\000-\000R\000E\000D\000\040\000c\000o\000m\000o\000\040\000S\000C\000A\000D\000A}{section.2.4}% 22
\BOOKMARK [2][-]{subsection.2.4.4}{\376\377\000C\000o\000n\000f\000i\000g\000u\000r\000a\000c\000i\000\363\000n\000\040\000d\000e\000\040\000W\000e\000b\000o\000t\000s\000\040\000c\000o\000m\000o\000\040\000S\000i\000m\000u\000l\000a\000d\000o\000r\000\040\000C\000i\000b\000e\000r\000f\000\355\000s\000i\000c\000o}{section.2.4}% 23
\BOOKMARK [1][-]{section.2.5}{\376\377\000R\000e\000q\000u\000e\000r\000i\000m\000i\000e\000n\000t\000o\000s\000\040\000d\000e\000l\000\040\000S\000i\000s\000t\000e\000m\000a}{chapter.2}% 24
\BOOKMARK [2][-]{subsection.2.5.1}{\376\377\000R\000e\000q\000u\000e\000r\000i\000m\000i\000e\000n\000t\000o\000s\000\040\000F\000u\000n\000c\000i\000o\000n\000a\000l\000e\000s}{section.2.5}% 25
\BOOKMARK [2][-]{subsection.2.5.2}{\376\377\000R\000e\000q\000u\000e\000r\000i\000m\000i\000e\000n\000t\000o\000s\000\040\000N\000o\000\040\000F\000u\000n\000c\000i\000o\000n\000a\000l\000e\000s}{section.2.5}% 26
\BOOKMARK [1][-]{section.2.6}{\376\377\000D\000i\000s\000e\000\361\000o\000\040\000d\000e\000\040\000l\000a\000\040\000S\000o\000l\000u\000c\000i\000\363\000n}{chapter.2}% 27
\BOOKMARK [2][-]{subsection.2.6.1}{\376\377\000D\000i\000s\000e\000\361\000o\000\040\000d\000e\000\040\000H\000a\000r\000d\000w\000a\000r\000e\000\040\000\050\000C\000a\000p\000a\000\040\000F\000\355\000s\000i\000c\000a\000\051}{section.2.6}% 28
\BOOKMARK [2][-]{subsection.2.6.2}{\376\377\000D\000i\000s\000e\000\361\000o\000\040\000d\000e\000\040\000R\000e\000d\000\040\000y\000\040\000T\000\363\000p\000i\000c\000o\000s\000\040\000M\000Q\000T\000T\000\040\000\050\000C\000a\000p\000a\000\040\000d\000e\000\040\000C\000o\000m\000u\000n\000i\000c\000a\000c\000i\000\363\000n\000\051}{section.2.6}% 29
\BOOKMARK [2][-]{subsection.2.6.3}{\376\377\000D\000i\000s\000e\000\361\000o\000\040\000C\000i\000n\000e\000m\000\341\000t\000i\000c\000o\000\040\000V\000i\000r\000t\000u\000a\000l\000\040\000\050\000C\000a\000p\000a\000\040\000d\000e\000\040\000S\000o\000f\000t\000w\000a\000r\000e\000\051}{section.2.6}% 30
\BOOKMARK [2][-]{subsection.2.6.4}{\376\377\000C\000i\000c\000l\000o\000\040\000d\000e\000\040\000V\000i\000d\000a\000\040\000d\000e\000\040\000l\000a\000\040\000C\000o\000m\000u\000n\000i\000c\000a\000c\000i\000\363\000n\000\040\000C\000i\000b\000e\000r\000f\000\355\000s\000i\000c\000a}{section.2.6}% 31
\BOOKMARK [2][-]{subsection.2.6.5}{\376\377\000V\000a\000l\000i\000d\000a\000c\000i\000\363\000n\000\040\000G\000e\000o\000m\000\351\000t\000r\000i\000c\000a\000\040\000d\000e\000l\000\040\000M\000o\000d\000e\000l\000o}{section.2.6}% 32
\BOOKMARK [1][-]{section.2.7}{\376\377\000J\000u\000s\000t\000i\000f\000i\000c\000a\000c\000i\000\363\000n\000\040\000T\000\351\000c\000n\000i\000c\000a\000\040\000y\000\040\000A\000d\000a\000p\000t\000a\000c\000i\000\363\000n\000\040\000d\000e\000\040\000M\000\351\000t\000r\000i\000c\000a\000s}{chapter.2}% 33
\BOOKMARK [2][-]{subsection.2.7.1}{\376\377\000S\000e\000l\000e\000c\000c\000i\000\363\000n\000\040\000T\000e\000c\000n\000o\000l\000\363\000g\000i\000c\000a}{section.2.7}% 34
\BOOKMARK [2][-]{subsection.2.7.2}{\376\377\000A\000d\000a\000p\000t\000a\000c\000i\000\363\000n\000\040\000d\000e\000\040\000M\000\351\000t\000r\000i\000c\000a\000s}{section.2.7}% 35
\BOOKMARK [1][-]{section.2.8}{\376\377\000P\000r\000e\000s\000u\000p\000u\000e\000s\000t\000o\000\040\000y\000\040\000R\000e\000c\000u\000r\000s\000o\000s\000\040\000E\000c\000o\000n\000\363\000m\000i\000c\000o\000s}{chapter.2}% 36
\BOOKMARK [0][-]{chapter.3}{\376\377\000I\000m\000p\000l\000e\000m\000e\000n\000t\000a\000c\000i\000\363\000n\000,\000\040\000P\000r\000u\000e\000b\000a\000s\000\040\000y\000\040\000R\000e\000s\000u\000l\000t\000a\000d\000o\000s}{}% 37
\BOOKMARK [1][-]{section.3.1}{\376\377\000D\000e\000s\000c\000r\000i\000p\000c\000i\000\363\000n\000\040\000d\000e\000\040\000l\000a\000\040\000S\000o\000l\000u\000c\000i\000\363\000n\000\040\000I\000m\000p\000l\000e\000m\000e\000n\000t\000a\000d\000a}{chapter.3}% 38
\BOOKMARK [1][-]{section.3.2}{\376\377\000P\000r\000o\000c\000e\000s\000o\000\040\000d\000e\000\040\000I\000m\000p\000l\000e\000m\000e\000n\000t\000a\000c\000i\000\363\000n}{chapter.3}% 39
\BOOKMARK [1][-]{section.3.3}{\376\377\000P\000r\000u\000e\000b\000a\000s\000\040\000y\000\040\000V\000a\000l\000i\000d\000a\000c\000i\000\363\000n}{chapter.3}% 40
\BOOKMARK [1][-]{section.3.4}{\376\377\000A\000n\000\341\000l\000i\000s\000i\000s\000\040\000d\000e\000\040\000R\000e\000s\000u\000l\000t\000a\000d\000o\000s}{chapter.3}% 41
\BOOKMARK [1][-]{section.3.5}{\376\377\000C\000o\000m\000p\000a\000r\000a\000t\000i\000v\000a\000\040\000c\000o\000n\000\040\000l\000a\000\040\000S\000i\000t\000u\000a\000c\000i\000\363\000n\000\040\000I\000n\000i\000c\000i\000a\000l}{chapter.3}% 42
\BOOKMARK [1][-]{section.3.6}{\376\377\000C\000u\000m\000p\000l\000i\000m\000i\000e\000n\000t\000o\000\040\000d\000e\000\040\000O\000b\000j\000e\000t\000i\000v\000o\000s}{chapter.3}% 43
\BOOKMARK [1][-]{section.3.7}{\376\377\000A\000n\000\341\000l\000i\000s\000i\000s\000\040\000d\000e\000\040\000D\000e\000s\000e\000m\000p\000e\000\361\000o\000\040\000d\000e\000\040\000R\000e\000d\000\040\000M\000Q\000T\000T}{chapter.3}% 44
\BOOKMARK [1][-]{section.3.8}{\376\377\000D\000i\000s\000c\000u\000s\000i\000\363\000n\000\040\000d\000e\000\040\000R\000e\000s\000u\000l\000t\000a\000d\000o\000s}{chapter.3}% 45
\BOOKMARK [1][-]{section.3.9}{\376\377\000C\000r\000o\000n\000o\000g\000r\000a\000m\000a\000\040\000y\000\040\000P\000r\000e\000s\000u\000p\000u\000e\000s\000t\000o\000\040\000E\000j\000e\000c\000u\000t\000a\000d\000o}{chapter.3}% 46
\BOOKMARK [0][-]{chapter.4}{\376\377\000C\000o\000n\000c\000l\000u\000s\000i\000o\000n\000e\000s\000\040\000y\000\040\000R\000e\000c\000o\000m\000e\000n\000d\000a\000c\000i\000o\000n\000e\000s}{}% 47
\BOOKMARK [1][-]{section.4.1}{\376\377\000C\000o\000n\000c\000l\000u\000s\000i\000o\000n\000e\000s}{chapter.4}% 48
\BOOKMARK [2][-]{subsection.4.1.1}{\376\377\000V\000a\000l\000i\000d\000a\000c\000i\000\363\000n\000\040\000d\000e\000l\000\040\000O\000b\000j\000e\000t\000i\000v\000o\000\040\000G\000e\000n\000e\000r\000a\000l\000\040\000y\000\040\000l\000a\000\040\000H\000i\000p\000\363\000t\000e\000s\000i\000s\000\040\000C\000i\000b\000e\000r\000f\000\355\000s\000i\000c\000a}{section.4.1}% 49
\BOOKMARK [2][-]{subsection.4.1.2}{\376\377\000C\000u\000m\000p\000l\000i\000m\000i\000e\000n\000t\000o\000\040\000d\000e\000\040\000l\000o\000s\000\040\000O\000b\000j\000e\000t\000i\000v\000o\000s\000\040\000E\000s\000p\000e\000c\000\355\000f\000i\000c\000o\000s\000\040\000y\000\040\000E\000j\000e\000c\000u\000c\000i\000\363\000n\000\040\000M\000e\000t\000o\000d\000o\000l\000\363\000g\000i\000c\000a}{section.4.1}% 50
\BOOKMARK [2][-]{subsection.4.1.3}{\376\377\000A\000p\000o\000r\000t\000a\000c\000i\000o\000n\000e\000s\000\040\000T\000\351\000c\000n\000i\000c\000a\000s\000\040\000a\000l\000\040\000C\000a\000m\000p\000o\000\040\000d\000e\000\040\000l\000o\000s\000\040\000S\000i\000s\000t\000e\000m\000a\000s\000\040\000C\000i\000b\000e\000r\000f\000\355\000s\000i\000c\000o\000s\000\040\000y\000\040\000l\000a\000\040\000M\000a\000n\000u\000f\000a\000c\000t\000u\000r\000a}{section.4.1}% 51
\BOOKMARK [2][-]{subsection.4.1.4}{\376\377\000I\000d\000e\000n\000t\000i\000f\000i\000c\000a\000c\000i\000\363\000n\000\040\000d\000e\000\040\000L\000i\000m\000i\000t\000a\000c\000i\000o\000n\000e\000s\000\040\000y\000\040\000R\000e\000s\000t\000r\000i\000c\000c\000i\000o\000n\000e\000s\000\040\000d\000e\000l\000\040\000P\000r\000o\000t\000o\000t\000i\000p\000o\000\040\000A\000c\000t\000u\000a\000l}{section.4.1}% 52
\BOOKMARK [2][-]{subsection.4.1.5}{\376\377\000R\000e\000f\000l\000e\000x\000i\000\363\000n\000\040\000F\000i\000n\000a\000l\000\040\000S\000o\000b\000r\000e\000\040\000l\000a\000\040\000T\000r\000a\000n\000s\000f\000o\000r\000m\000a\000c\000i\000\363\000n\000\040\000D\000i\000g\000i\000t\000a\000l\000\040\000d\000e\000\040\000A\000c\000t\000i\000v\000o\000s\000\040\000I\000n\000d\000u\000s\000t\000r\000i\000a\000l\000e\000s}{section.4.1}% 53
\BOOKMARK [1][-]{section.4.2}{\376\377\000R\000e\000c\000o\000m\000e\000n\000d\000a\000c\000i\000o\000n\000e\000s}{chapter.4}% 54
\BOOKMARK [2][-]{subsection.4.2.1}{\376\377\000R\000e\000c\000o\000m\000e\000n\000d\000a\000c\000i\000o\000n\000e\000s\000\040\000p\000a\000r\000a\000\040\000e\000l\000\040\000L\000a\000b\000o\000r\000a\000t\000o\000r\000i\000o\000\040\000d\000e\000\040\000P\000r\000o\000c\000e\000s\000o\000s\000\040\000d\000e\000\040\000l\000a\000\040\000U\000n\000i\000v\000e\000r\000s\000i\000d\000a\000d\000\040\000I\000n\000d\000o\000a\000m\000\351\000r\000i\000c\000a}{section.4.2}% 55
\BOOKMARK [2][-]{subsection.4.2.2}{\376\377\000R\000e\000c\000o\000m\000e\000n\000d\000a\000c\000i\000o\000n\000e\000s\000\040\000p\000a\000r\000a\000\040\000l\000a\000\040\000U\000n\000i\000v\000e\000r\000s\000i\000d\000a\000d\000\040\000I\000n\000d\000o\000a\000m\000\351\000r\000i\000c\000a\000\040\000y\000\040\000l\000a\000\040\000G\000e\000s\000t\000i\000\363\000n\000\040\000C\000u\000r\000r\000i\000c\000u\000l\000a\000r}{section.4.2}% 56
\BOOKMARK [2][-]{subsection.4.2.3}{\376\377\000R\000e\000c\000o\000m\000e\000n\000d\000a\000c\000i\000o\000n\000e\000s\000\040\000E\000s\000t\000r\000a\000t\000\351\000g\000i\000c\000a\000s\000\040\000p\000a\000r\000a\000\040\000e\000l\000\040\000S\000e\000c\000t\000o\000r\000\040\000A\000g\000r\000o\000i\000n\000d\000u\000s\000t\000r\000i\000a\000l}{section.4.2}% 57
\BOOKMARK [2][-]{subsection.4.2.4}{\376\377\000R\000e\000c\000o\000m\000e\000n\000d\000a\000c\000i\000o\000n\000e\000s\000\040\000T\000\351\000c\000n\000i\000c\000a\000s\000\040\000p\000a\000r\000a\000\040\000I\000t\000e\000r\000a\000c\000i\000o\000n\000e\000s\000\040\000F\000u\000t\000u\000r\000a\000s\000\040\000d\000e\000l\000\040\000H\000a\000r\000d\000w\000a\000r\000e\000\040\000y\000\040\000S\000o\000f\000t\000w\000a\000r\000e}{section.4.2}% 58
\BOOKMARK [1][-]{section.4.3}{\376\377\000T\000r\000a\000b\000a\000j\000o\000s\000\040\000F\000u\000t\000u\000r\000o\000s}{chapter.4}% 59
\BOOKMARK [2][-]{subsection.4.3.1}{\376\377\000E\000v\000o\000l\000u\000c\000i\000\363\000n\000\040\000h\000a\000c\000i\000a\000\040\000u\000n\000\040\000G\000e\000m\000e\000l\000o\000\040\000D\000i\000g\000i\000t\000a\000l\000\040\000P\000r\000e\000s\000c\000r\000i\000p\000t\000i\000v\000o\000\040\000\050\000N\000i\000v\000e\000l\000\040\0004\000\051}{section.4.3}% 60
\BOOKMARK [2][-]{subsection.4.3.2}{\376\377\000N\000u\000e\000v\000a\000s\000\040\000L\000\355\000n\000e\000a\000s\000\040\000d\000e\000\040\000I\000n\000v\000e\000s\000t\000i\000g\000a\000c\000i\000\363\000n\000\040\000A\000p\000l\000i\000c\000a\000d\000a\000\040\000e\000n\000\040\000C\000i\000b\000e\000r\000f\000\355\000s\000i\000c\000a}{section.4.3}% 61
\BOOKMARK [0][-]{section*.16}{\376\377\000R\000E\000F\000E\000R\000E\000N\000C\000I\000A\000S}{}% 62
\BOOKMARK [0][-]{chapter*.18}{\376\377\000G\000L\000O\000S\000A\000R\000I\000O}{}% 63
\BOOKMARK [0][-]{appendix.Alph1}{\376\377\000C\000\363\000d\000i\000g\000o\000s\000\040\000F\000u\000e\000n\000t\000e\000\040\000d\000e\000l\000\040\000S\000i\000s\000t\000e\000m\000a}{}% 64
\BOOKMARK [0][-]{appendix.Alph2}{\376\377\000D\000i\000a\000g\000r\000a\000m\000a\000s\000\040\000E\000l\000\351\000c\000t\000r\000i\000c\000o\000s\000\040\000y\000\040\000E\000s\000q\000u\000e\000m\000\341\000t\000i\000c\000o\000s}{}% 65
\BOOKMARK [0][-]{appendix.Alph3}{\376\377\000M\000o\000d\000e\000l\000o\000s\000\040\0003\000D\000\040\000D\000i\000s\000e\000\361\000a\000d\000o\000s\000\040\000e\000n\000\040\000F\000r\000e\000e\000C\000A\000D}{}% 66
\BOOKMARK [0][-]{appendix.Alph4}{\376\377\000C\000o\000n\000f\000i\000g\000u\000r\000a\000c\000i\000\363\000n\000\040\000d\000e\000l\000\040\000S\000C\000A\000D\000A\000\040\000e\000n\000\040\000N\000o\000d\000e\000-\000R\000E\000D}{}% 67
\BOOKMARK [0][-]{appendix.Alph5}{\376\377\000R\000e\000s\000u\000l\000t\000a\000d\000o\000s\000\040\000d\000e\000\040\000l\000a\000s\000\040\000P\000r\000u\000e\000b\000a\000s\000\040\000d\000e\000\040\000V\000a\000l\000i\000d\000a\000c\000i\000\363\000n}{}% 68
